// Jest Snapshot v1, https://goo.gl/fbAQLP

exports[`actions MyComponent renders with default props 1`] = `<ul />`;
